******************************************************************************
                  TI ARM Linker PC v20.2.7                     
******************************************************************************
>> Linked Fri Jun 14 11:10:11 2024

OUTPUT FILE NAME:   <tm4c_uart_driver.out>
ENTRY POINT SYMBOL: "_c_int00_noargs"  address: 00000a61


MEMORY CONFIGURATION

         name            origin    length      used     unused   attr    fill
----------------------  --------  ---------  --------  --------  ----  --------
  FLASH                 00000000   00040000  00000cbc  0003f344  R  X
  SRAM                  20000000   00008000  00000610  000079f0  RW X


SEGMENT ALLOCATION MAP

run origin  load origin   length   init length attrs members
----------  ----------- ---------- ----------- ----- -------
00000000    00000000    00000cc0   00000cc0    r-x
  00000000    00000000    0000026c   0000026c    r-- .intvecs
  0000026c    0000026c    00000924   00000924    r-x .text
  00000b90    00000b90    000000fc   000000fc    r-- .const
  00000c90    00000c90    00000030   00000030    r-- .cinit
20000000    20000000    00000610   00000000    rw-
  20000000    20000000    00000408   00000000    rw- .bss
  20000408    20000408    00000200   00000000    rw- .stack
  20000608    20000608    00000008   00000000    rw- .data


SECTION ALLOCATION MAP

 output                                  attributes/
section   page    origin      length       input sections
--------  ----  ----------  ----------   ----------------
.intvecs   0    00000000    0000026c     
                  00000000    0000026c     tm4c123gh6pm_startup_ccs.obj (.intvecs)

.text      0    0000026c    00000924     
                  0000026c    0000016c     driverlib.lib : gpio.obj (.text:GPIOPadConfigSet)
                  000003d8    00000160     main.obj (.text)
                  00000538    00000118     driverlib.lib : sysctl.obj (.text:SysCtlClockGet)
                  00000650    000000f4                   : sysctl.obj (.text:SysCtlClockSet)
                  00000744    0000009c     rtsv7M4_T_le_v4SPD16_eabi.lib : memcpy_t2.asm.obj (.text)
                  000007e0    0000007a                                   : memset_t2.asm.obj (.text)
                  0000085a    00000068                                   : copy_decompress_lzss.c.obj (.text:decompress:lzss:__TI_decompress_lzss)
                  000008c2    00000058     driverlib.lib : gpio.obj (.text:GPIOIntTypeSet)
                  0000091a    00000002     --HOLE-- [fill = 0]
                  0000091c    0000004c                   : gpio.obj (.text:GPIOPinConfigure)
                  00000968    00000046                   : uart.obj (.text:UARTConfigSetExpClk)
                  000009ae    00000002     --HOLE-- [fill = 0]
                  000009b0    00000044     rtsv7M4_T_le_v4SPD16_eabi.lib : autoinit.c.obj (.text:__TI_auto_init_nobinit_nopinit:__TI_auto_init_nobinit_nopinit)
                  000009f4    00000038     driverlib.lib : sysctl.obj (.text:SysCtlPeripheralReady)
                  00000a2c    00000034                   : sysctl.obj (.text:SysCtlPeripheralEnable)
                  00000a60    00000034     rtsv7M4_T_le_v4SPD16_eabi.lib : boot_cortex_m.c.obj (.text:_c_int00_noargs:_c_int00_noargs)
                  00000a94    0000002c     driverlib.lib : gpio.obj (.text:GPIODirModeSet)
                  00000ac0    00000020                   : uart.obj (.text:UARTDisable)
                  00000ae0    0000001a                   : gpio.obj (.text:GPIOPinTypeGPIOOutput)
                  00000afa    00000016                   : gpio.obj (.text:GPIOPinTypeUART)
                  00000b10    00000014                   : uart.obj (.text:UARTEnable)
                  00000b24    0000000e                   : uart.obj (.text:UARTCharGetNonBlocking)
                  00000b32    0000000e                   : uart.obj (.text:UARTCharPutNonBlocking)
                  00000b40    0000000e     rtsv7M4_T_le_v4SPD16_eabi.lib : copy_decompress_none.c.obj (.text:decompress:none:__TI_decompress_none)
                  00000b4e    0000000c     driverlib.lib : gpio.obj (.text:GPIOIntEnable)
                  00000b5a    0000000c     rtsv7M4_T_le_v4SPD16_eabi.lib : copy_zero_init.c.obj (.text:decompress:ZI:__TI_zero_init)
                  00000b66    0000000c     tm4c123gh6pm_startup_ccs.obj (.text)
                  00000b72    0000000a     driverlib.lib : uart.obj (.text:UARTFIFOEnable)
                  00000b7c    00000006                   : gpio.obj (.text:GPIOPinWrite)
                  00000b82    00000006                   : sysctl.obj (.text:SysCtlDelay)
                  00000b88    00000004     rtsv7M4_T_le_v4SPD16_eabi.lib : pre_init.c.obj (.text:_system_pre_init)
                  00000b8c    00000004                                   : exit.c.obj (.text:abort:abort)

.const     0    00000b90    000000fc     
                  00000b90    00000090     driverlib.lib : gpio.obj (.const:g_pui32GPIOBaseAddrs)
                  00000c20    0000006c                   : sysctl.obj (.const:g_pui32Xtals)

.cinit     0    00000c90    00000030     
                  00000c90    0000000c     (__TI_handler_table)
                  00000c9c    00000004     --HOLE-- [fill = 0]
                  00000ca0    00000008     (.cinit..bss.load) [load image, compression = zero_init]
                  00000ca8    00000008     (.cinit..data.load) [load image, compression = lzss]
                  00000cb0    00000010     (__TI_cinit_table)

.init_array 
*          0    00000000    00000000     UNINITIALIZED

.bss       0    20000000    00000408     UNINITIALIZED
                  20000000    00000400     (.common:receive_data)
                  20000400    00000004     (.common:receive_data_last)
                  20000404    00000004     (.common:vola_receive_data)

.data      0    20000608    00000008     UNINITIALIZED
                  20000608    00000008     main.obj (.data)

.stack     0    20000408    00000200     UNINITIALIZED
                  20000408    00000004     rtsv7M4_T_le_v4SPD16_eabi.lib : boot_cortex_m.c.obj (.stack)
                  2000040c    000001fc     --HOLE--

__llvm_prf_cnts 
*          0    20000000    00000000     UNINITIALIZED

MODULE SUMMARY

       Module                         code   ro data   rw data
       ------                         ----   -------   -------
    .\
       main.obj                       352    0         1040   
       tm4c123gh6pm_startup_ccs.obj   12     620       0      
    +--+------------------------------+------+---------+---------+
       Total:                         364    620       1040   
                                                              
    C:/ti/TivaWare_C_Series-2.2.0.295/driverlib/ccs/Debug/driverlib.lib
       gpio.obj                       638    144       0      
       sysctl.obj                     638    108       0      
       uart.obj                       160    0         0      
    +--+------------------------------+------+---------+---------+
       Total:                         1436   252       0      
                                                              
    C:\ti\ccs1271\ccs\tools\compiler\ti-cgt-arm_20.2.7.LTS\lib\rtsv7M4_T_le_v4SPD16_eabi.lib
       memcpy_t2.asm.obj              156    0         0      
       memset_t2.asm.obj              122    0         0      
       copy_decompress_lzss.c.obj     104    0         0      
       autoinit.c.obj                 68     0         0      
       boot_cortex_m.c.obj            52     0         0      
       copy_decompress_none.c.obj     14     0         0      
       copy_zero_init.c.obj           12     0         0      
       exit.c.obj                     4      0         0      
       pre_init.c.obj                 4      0         0      
    +--+------------------------------+------+---------+---------+
       Total:                         536    0         0      
                                                              
       Stack:                         0      0         512    
       Linker Generated:              0      44        0      
    +--+------------------------------+------+---------+---------+
       Grand Total:                   2336   916       1552   


LINKER GENERATED COPY TABLES

__TI_cinit_table @ 00000cb0 records: 2, size/record: 8, table size: 16
	.bss: load addr=00000ca0, load size=00000008 bytes, run addr=20000000, run size=00000408 bytes, compression=zero_init
	.data: load addr=00000ca8, load size=00000008 bytes, run addr=20000608, run size=00000008 bytes, compression=lzss


LINKER GENERATED HANDLER TABLE

__TI_handler_table @ 00000c90 records: 3, size/record: 4, table size: 12
	index: 0, handler: __TI_decompress_lzss
	index: 1, handler: __TI_decompress_none
	index: 2, handler: __TI_zero_init


GLOBAL SYMBOLS: SORTED ALPHABETICALLY BY Name 

address   name                          
-------   ----                          
00000b8d  C$$EXIT                       
00000a95  GPIODirModeSet                
00000b4f  GPIOIntEnable                 
000008c3  GPIOIntTypeSet                
0000026d  GPIOPadConfigSet              
0000091d  GPIOPinConfigure              
00000ae1  GPIOPinTypeGPIOOutput         
00000afb  GPIOPinTypeUART               
00000b7d  GPIOPinWrite                  
00000b67  ResetISR                      
00000539  SysCtlClockGet                
00000651  SysCtlClockSet                
00000b83  SysCtlDelay                   
00000a2d  SysCtlPeripheralEnable        
000009f5  SysCtlPeripheralReady         
00000b25  UARTCharGetNonBlocking        
00000b33  UARTCharPutNonBlocking        
00000969  UARTConfigSetExpClk           
00000ac1  UARTDisable                   
00000b11  UARTEnable                    
00000b73  UARTFIFOEnable                
20000608  __STACK_END                   
00000200  __STACK_SIZE                  
20000608  __STACK_TOP                   
00000cb0  __TI_CINIT_Base               
00000cc0  __TI_CINIT_Limit              
00000c90  __TI_Handler_Table_Base       
00000c9c  __TI_Handler_Table_Limit      
000009b1  __TI_auto_init_nobinit_nopinit
0000085b  __TI_decompress_lzss          
00000b41  __TI_decompress_none          
ffffffff  __TI_pprof_out_hndl           
ffffffff  __TI_prof_data_size           
ffffffff  __TI_prof_data_start          
00000000  __TI_static_base__            
00000b5b  __TI_zero_init                
000007e1  __aeabi_memclr                
000007e1  __aeabi_memclr4               
000007e1  __aeabi_memclr8               
00000745  __aeabi_memcpy                
00000745  __aeabi_memcpy4               
00000745  __aeabi_memcpy8               
000007e3  __aeabi_memset                
000007e3  __aeabi_memset4               
000007e3  __aeabi_memset8               
ffffffff  __binit__                     
ffffffff  __c_args__                    
UNDEFED   __mpu_init                    
20000408  __stack                       
20000000  __start___llvm_prf_cnts       
20000000  __stop___llvm_prf_cnts        
00000a61  _c_int00_noargs               
UNDEFED   _system_post_cinit            
00000b89  _system_pre_init              
00000b8d  abort                         
ffffffff  binit                         
00000000  g_pfnVectors                  
000003e3  gpio_init                     
00000427  gpio_write                    
000004ed  main                          
00000745  memcpy                        
000007e9  memset                        
20000000  receive_data                  
20000400  receive_data_last             
000003d9  sys_clock                     
00000497  uart_calculate_br             
00000441  uart_dma_init                 
000004bf  uart_dma_receive              
000004af  uart_dma_transmit             
000004a3  uart_set_br                   
20000608  uart_tx_data                  
20000404  vola_receive_data             


GLOBAL SYMBOLS: SORTED BY Symbol Address 

address   name                          
-------   ----                          
00000000  __TI_static_base__            
00000000  g_pfnVectors                  
00000200  __STACK_SIZE                  
0000026d  GPIOPadConfigSet              
000003d9  sys_clock                     
000003e3  gpio_init                     
00000427  gpio_write                    
00000441  uart_dma_init                 
00000497  uart_calculate_br             
000004a3  uart_set_br                   
000004af  uart_dma_transmit             
000004bf  uart_dma_receive              
000004ed  main                          
00000539  SysCtlClockGet                
00000651  SysCtlClockSet                
00000745  __aeabi_memcpy                
00000745  __aeabi_memcpy4               
00000745  __aeabi_memcpy8               
00000745  memcpy                        
000007e1  __aeabi_memclr                
000007e1  __aeabi_memclr4               
000007e1  __aeabi_memclr8               
000007e3  __aeabi_memset                
000007e3  __aeabi_memset4               
000007e3  __aeabi_memset8               
000007e9  memset                        
0000085b  __TI_decompress_lzss          
000008c3  GPIOIntTypeSet                
0000091d  GPIOPinConfigure              
00000969  UARTConfigSetExpClk           
000009b1  __TI_auto_init_nobinit_nopinit
000009f5  SysCtlPeripheralReady         
00000a2d  SysCtlPeripheralEnable        
00000a61  _c_int00_noargs               
00000a95  GPIODirModeSet                
00000ac1  UARTDisable                   
00000ae1  GPIOPinTypeGPIOOutput         
00000afb  GPIOPinTypeUART               
00000b11  UARTEnable                    
00000b25  UARTCharGetNonBlocking        
00000b33  UARTCharPutNonBlocking        
00000b41  __TI_decompress_none          
00000b4f  GPIOIntEnable                 
00000b5b  __TI_zero_init                
00000b67  ResetISR                      
00000b73  UARTFIFOEnable                
00000b7d  GPIOPinWrite                  
00000b83  SysCtlDelay                   
00000b89  _system_pre_init              
00000b8d  C$$EXIT                       
00000b8d  abort                         
00000c90  __TI_Handler_Table_Base       
00000c9c  __TI_Handler_Table_Limit      
00000cb0  __TI_CINIT_Base               
00000cc0  __TI_CINIT_Limit              
20000000  __start___llvm_prf_cnts       
20000000  __stop___llvm_prf_cnts        
20000000  receive_data                  
20000400  receive_data_last             
20000404  vola_receive_data             
20000408  __stack                       
20000608  __STACK_END                   
20000608  __STACK_TOP                   
20000608  uart_tx_data                  
ffffffff  __TI_pprof_out_hndl           
ffffffff  __TI_prof_data_size           
ffffffff  __TI_prof_data_start          
ffffffff  __binit__                     
ffffffff  __c_args__                    
ffffffff  binit                         
UNDEFED   __mpu_init                    
UNDEFED   _system_post_cinit            

[72 symbols]
